  Determining projects to restore...
  Restored F:\Users\brand\source\AgentRepos\PanelNester\src\PanelNester.Domain\PanelNester.Domain.csproj (in 122 ms).
  Restored F:\Users\brand\source\AgentRepos\PanelNester\tests\PanelNester.Domain.Tests\PanelNester.Domain.Tests.csproj (in 566 ms).
  Restored F:\Users\brand\source\AgentRepos\PanelNester\src\PanelNester.Services\PanelNester.Services.csproj (in 565 ms).
  Restored F:\Users\brand\source\AgentRepos\PanelNester\src\PanelNester.Desktop\PanelNester.Desktop.csproj (in 565 ms).
  Restored F:\Users\brand\source\AgentRepos\PanelNester\tests\PanelNester.Services.Tests\PanelNester.Services.Tests.csproj (in 567 ms).
  Restored F:\Users\brand\source\AgentRepos\PanelNester\tests\PanelNester.Desktop.Tests\PanelNester.Desktop.Tests.csproj (in 567 ms).
  PanelNester.Domain -> F:\Users\brand\source\AgentRepos\PanelNester\src\PanelNester.Domain\bin\Debug\net8.0\PanelNester.Domain.dll
  PanelNester.Domain.Tests -> F:\Users\brand\source\AgentRepos\PanelNester\tests\PanelNester.Domain.Tests\bin\Debug\net8.0\PanelNester.Domain.Tests.dll
Test run for F:\Users\brand\source\AgentRepos\PanelNester\tests\PanelNester.Domain.Tests\bin\Debug\net8.0\PanelNester.Domain.Tests.dll (.NETCoreApp,Version=v8.0)
  PanelNester.Services -> F:\Users\brand\source\AgentRepos\PanelNester\src\PanelNester.Services\bin\Debug\net8.0\PanelNester.Services.dll
A total of 1 test files matched the specified pattern.

Passed!  - Failed:     0, Passed:    16, Skipped:     0, Total:    16, Duration: 127 ms - PanelNester.Domain.Tests.dll (net8.0)
  PanelNester.Services.Tests -> F:\Users\brand\source\AgentRepos\PanelNester\tests\PanelNester.Services.Tests\bin\Debug\net8.0\PanelNester.Services.Tests.dll
Test run for F:\Users\brand\source\AgentRepos\PanelNester\tests\PanelNester.Services.Tests\bin\Debug\net8.0\PanelNester.Services.Tests.dll (.NETCoreApp,Version=v8.0)
  PanelNester.Desktop -> F:\Users\brand\source\AgentRepos\PanelNester\src\PanelNester.Desktop\bin\Debug\net8.0-windows\PanelNester.Desktop.dll
A total of 1 test files matched the specified pattern.
[xUnit.net 00:00:00.54]     PanelNester.Services.Tests.Materials.MaterialLibrarySpecs.Import_flow_uses_selected_project_materials_instead_of_the_phase_one_demo_material [SKIP]
  Skipped PanelNester.Services.Tests.Materials.MaterialLibrarySpecs.Import_flow_uses_selected_project_materials_instead_of_the_phase_one_demo_material [1 ms]
  PanelNester.Desktop.Tests -> F:\Users\brand\source\AgentRepos\PanelNester\tests\PanelNester.Desktop.Tests\bin\Debug\net8.0-windows\PanelNester.Desktop.Tests.dll
Test run for F:\Users\brand\source\AgentRepos\PanelNester\tests\PanelNester.Desktop.Tests\bin\Debug\net8.0-windows\PanelNester.Desktop.Tests.dll (.NETCoreApp,Version=v8.0)
A total of 1 test files matched the specified pattern.

Passed!  - Failed:     0, Passed:    95, Skipped:     1, Total:    96, Duration: 1 s - PanelNester.Services.Tests.dll (net8.0)
[xUnit.net 00:00:00.54]     PanelNester.Desktop.Tests.Bridge.BridgeHandshakeSpecs.Missing_webview2_runtime_reports_a_user_visible_startup_error [SKIP]
  Skipped PanelNester.Desktop.Tests.Bridge.BridgeHandshakeSpecs.Missing_webview2_runtime_reports_a_user_visible_startup_error [1 ms]

Passed!  - Failed:     0, Passed:    56, Skipped:     1, Total:    57, Duration: 1 s - PanelNester.Desktop.Tests.dll (net8.0)
